// Jest Snapshot v1, https://goo.gl/fbAQLP

exports[`<Button /> should render the xSmall size by default 1`] = `
.c0 {
  cursor: pointer;
  border-radius: 0.5rem;
  font-weight: 400;
  display: -webkit-inline-box;
  display: -webkit-inline-flex;
  display: -ms-inline-flexbox;
  display: inline-flex;
  -webkit-align-items: center;
  -webkit-box-align: center;
  -ms-flex-align: center;
  align-items: center;
  -webkit-box-pack: center;
  -webkit-justify-content: center;
  -ms-flex-pack: center;
  justify-content: center;
  -webkit-flex-wrap: nowrap;
  -ms-flex-wrap: nowrap;
  flex-wrap: nowrap;
  border: 0.1rem solid transparent;
  text-shadow: 0 0 0.3rem #00000099;
  background-position-x: 0;
  background-size: 300% !important;
  background-repeat: no-repeat;
  -webkit-transition: background-position-x 150ms ease-in-out;
  transition: background-position-x 150ms ease-in-out;
  width: -webkit-fit-content;
  width: -moz-fit-content;
  width: fit-content;
  background-color: #F83B91;
  padding: 0 0.6rem;
  font-size: 1.2rem;
}

.c0:hover {
  opacity: 0.9;
}

.c0:focus {
  box-shadow: 0 0 0 0.1rem #fff;
}

.c0:active {
  box-shadow: none;
}

.c0:disabled,
.c0:disabled:hover {
  opacity: 0.5;
  cursor: not-allowed;
  background-position-x: 0;
}

.c0 span {
  color: #fff;
}

.c0 svg + span {
  margin-left: 1rem;
}

.c0 svg {
  width: 2rem;
  min-width: 2rem;
  height: 2rem;
  min-height: 2rem;
  color: #fff;
}

@media screen and (min-width:500px) {
  .c0 {
    width: -webkit-fit-content;
    width: -moz-fit-content;
    width: fit-content;
  }
}

<div>
  <button
    class="c0"
    color="primary"
  >
    <span>
      Mais Informações
    </span>
  </button>
</div>
`;
